#
# There is insufficient memory for the Java Runtime Environment to continue.
# Native memory allocation (malloc) failed to allocate 1083696 bytes for Chunk::new
# Possible reasons:
#   The system is out of physical RAM or swap space
#   The process is running with CompressedOops enabled, and the Java Heap may be blocking the growth of the native heap
# Possible solutions:
#   Reduce memory load on the system
#   Increase physical memory or swap space
#   Check if swap backing store is full
#   Decrease Java heap size (-Xmx/-Xms)
#   Decrease number of Java threads
#   Decrease Java thread stack sizes (-Xss)
#   Set larger code cache with -XX:ReservedCodeCacheSize=
#   JVM is running with Unscaled Compressed Oops mode in which the Java heap is
#     placed in the first 4GB address space. The Java Heap base address is the
#     maximum limit for the native heap growth. Please use -XX:HeapBaseMinAddress
#     to set the Java Heap base and to place the Java Heap above 4GB virtual address.
# This output file may be truncated or incomplete.
#
#  Out of Memory Error (allocation.cpp:389), pid=7672, tid=0x000000000000477c
#
# JRE version: OpenJDK Runtime Environment (8.0_432-b06) (build 1.8.0_432-b06)
# Java VM: OpenJDK 64-Bit Server VM (25.432-b06 mixed mode windows-amd64 compressed oops)
# Failed to write core dump. Minidumps are not enabled by default on client versions of Windows
#

---------------  T H R E A D  ---------------

Current thread (0x000001e2f6f57800):  JavaThread "C2 CompilerThread1" daemon [_thread_in_native, id=18300, stack(0x000000c7bd100000,0x000000c7bd200000)]

Stack: [0x000000c7bd100000,0x000000c7bd200000]
[error occurred during error reporting (printing stack bounds), id 0xc0000005]

Native frames: (J=compiled Java code, j=interpreted, Vv=VM code, C=native code)


Current CompileTask:
C2:   4937 4158       4       lombok.javac.JavacAST::buildStatementOrExpression (104 bytes)


---------------  P R O C E S S  ---------------

Java Threads: ( => current thread )
  0x000001e2f6fb8000 JavaThread "Service Thread" daemon [_thread_blocked, id=18280, stack(0x000000c7bd300000,0x000000c7bd400000)]
  0x000001e2f6f58800 JavaThread "C1 CompilerThread2" daemon [_thread_blocked, id=10460, stack(0x000000c7bd200000,0x000000c7bd300000)]
=>0x000001e2f6f57800 JavaThread "C2 CompilerThread1" daemon [_thread_in_native, id=18300, stack(0x000000c7bd100000,0x000000c7bd200000)]
  0x000001e2f6f56000 JavaThread "C2 CompilerThread0" daemon [_thread_in_native, id=2716, stack(0x000000c7bd000000,0x000000c7bd100000)]
  0x000001e2f6f4c000 JavaThread "Monitor Ctrl-Break" daemon [_thread_in_native, id=2556, stack(0x000000c7bcf00000,0x000000c7bd000000)]
  0x000001e2f6ebf000 JavaThread "Attach Listener" daemon [_thread_blocked, id=20308, stack(0x000000c7bce00000,0x000000c7bcf00000)]
  0x000001e2f6ebd800 JavaThread "Signal Dispatcher" daemon [_thread_blocked, id=8212, stack(0x000000c7bcd00000,0x000000c7bce00000)]
  0x000001e2f675b000 JavaThread "Finalizer" daemon [_thread_blocked, id=8868, stack(0x000000c7bcc00000,0x000000c7bcd00000)]
  0x000001e2f6e96000 JavaThread "Reference Handler" daemon [_thread_blocked, id=18392, stack(0x000000c7bcb00000,0x000000c7bcc00000)]
  0x000001e2e016e000 JavaThread "main" [_thread_in_native, id=15388, stack(0x000000c7bc500000,0x000000c7bc600000)]

Other Threads:
  0x000001e2f6e72000 VMThread [stack: 0x000000c7bca00000,0x000000c7bcb00000] [id=19852]
  0x000001e2f6fcd000 WatcherThread [stack: 0x000000c7bd400000,0x000000c7bd500000] [id=16796]

VM state:not at safepoint (normal execution)

VM Mutex/Monitor currently owned by a thread: None

heap address: 0x0000000084200000, size: 1982 MB, Compressed Oops mode: 32-bit
Narrow klass base: 0x0000000000000000, Narrow klass shift: 3
Compressed class space size: 1073741824 Address: 0x0000000100000000

Heap:
 PSYoungGen      total 68608K, used 17846K [0x00000000d6b80000, 0x00000000dd880000, 0x0000000100000000)
  eden space 58368K, 15% used [0x00000000d6b80000,0x00000000d74953c8,0x00000000da480000)
  from space 10240K, 83% used [0x00000000da480000,0x00000000dacd8538,0x00000000dae80000)
  to   space 10752K, 0% used [0x00000000dce00000,0x00000000dce00000,0x00000000dd880000)
 ParOldGen       total 58368K, used 12911K [0x0000000084200000, 0x0000000087b00000, 0x00000000d6b80000)
  object space 58368K, 22% used [0x0000000084200000,0x0000000084e9bc68,0x0000000087b00000)
 Metaspace       used 27826K, capacity 28776K, committed 29056K, reserved 1075200K
  class space    used 3372K, capacity 3628K, committed 3712K, reserved 1048576K

Card table byte_map: [0x000001e2f1610000,0x000001e2f19f0000] byte_map_base: 0x000001e2f11ef000

Marking Bits: (ParMarkBitMap*) 0x00000000521848d0
 Begin Bits: [0x000001e2f1c90000, 0x000001e2f3b88000)
 End Bits:   [0x000001e2f3b88000, 0x000001e2f5a80000)

Polling page: 0x000001e2e05d0000

CodeCache: size=245760Kb used=14741Kb max_used=14741Kb free=231018Kb
 bounds [0x000001e2e2250000, 0x000001e2e30c0000, 0x000001e2f1250000]
 total_blobs=4756 nmethods=4312 adapters=354
 compilation: enabled

Compilation events (10 events):
Event: 4.924 Thread 0x000001e2f6f58800 nmethod 4334 0x000001e2e30b44d0 code [0x000001e2e30b4640, 0x000001e2e30b4810]
Event: 4.925 Thread 0x000001e2f6f58800 4335       2       com.sun.tools.javac.util.ListBuffer::first (8 bytes)
Event: 4.925 Thread 0x000001e2f6f58800 nmethod 4335 0x000001e2e30b48d0 code [0x000001e2e30b4a20, 0x000001e2e30b4b78]
Event: 4.925 Thread 0x000001e2f6f58800 4336       2       com.sun.tools.javac.comp.Resolve$5$1::symbolFor (76 bytes)
Event: 4.925 Thread 0x000001e2f6f58800 nmethod 4336 0x000001e2e30b4c10 code [0x000001e2e30b4dc0, 0x000001e2e30b51f0]
Event: 4.928 Thread 0x000001e2f6f58800 4337       2       com.sun.tools.javac.tree.JCTree$JCTypeApply::accept (6 bytes)
Event: 4.928 Thread 0x000001e2f6f58800 nmethod 4337 0x000001e2e30b5450 code [0x000001e2e30b55c0, 0x000001e2e30b5750]
Event: 4.929 Thread 0x000001e2f6f58800 4338       2       com.sun.tools.javac.code.SymbolMetadata::setDeclarationAttributes (40 bytes)
Event: 4.929 Thread 0x000001e2f6f58800 nmethod 4338 0x000001e2e30b57d0 code [0x000001e2e30b5960, 0x000001e2e30b5ca0]
Event: 4.929 Thread 0x000001e2f6f58800 4339       2       com.sun.tools.javac.code.TypeAnnotations::annotationType (746 bytes)

GC Heap History (10 events):
Event: 1.844 GC heap before
{Heap before GC invocations=4 (full 0):
 PSYoungGen      total 36864K, used 36814K [0x00000000d6b80000, 0x00000000db380000, 0x0000000100000000)
  eden space 31744K, 99% used [0x00000000d6b80000,0x00000000d8a7b730,0x00000000d8a80000)
  from space 5120K, 99% used [0x00000000d8a80000,0x00000000d8f78488,0x00000000d8f80000)
  to   space 5120K, 0% used [0x00000000dae80000,0x00000000dae80000,0x00000000db380000)
 ParOldGen       total 84992K, used 3721K [0x0000000084200000, 0x0000000089500000, 0x00000000d6b80000)
  object space 84992K, 4% used [0x0000000084200000,0x00000000845a25e8,0x0000000089500000)
 Metaspace       used 19341K, capacity 19918K, committed 20096K, reserved 1067008K
  class space    used 2408K, capacity 2570K, committed 2688K, reserved 1048576K
Event: 1.855 GC heap after
Heap after GC invocations=4 (full 0):
 PSYoungGen      total 68608K, used 5113K [0x00000000d6b80000, 0x00000000db380000, 0x0000000100000000)
  eden space 63488K, 0% used [0x00000000d6b80000,0x00000000d6b80000,0x00000000da980000)
  from space 5120K, 99% used [0x00000000dae80000,0x00000000db37e658,0x00000000db380000)
  to   space 5120K, 0% used [0x00000000da980000,0x00000000da980000,0x00000000dae80000)
 ParOldGen       total 84992K, used 6756K [0x0000000084200000, 0x0000000089500000, 0x00000000d6b80000)
  object space 84992K, 7% used [0x0000000084200000,0x0000000084899090,0x0000000089500000)
 Metaspace       used 19341K, capacity 19918K, committed 20096K, reserved 1067008K
  class space    used 2408K, capacity 2570K, committed 2688K, reserved 1048576K
}
Event: 2.539 GC heap before
{Heap before GC invocations=5 (full 0):
 PSYoungGen      total 68608K, used 30662K [0x00000000d6b80000, 0x00000000db380000, 0x0000000100000000)
  eden space 63488K, 40% used [0x00000000d6b80000,0x00000000d8473218,0x00000000da980000)
  from space 5120K, 99% used [0x00000000dae80000,0x00000000db37e658,0x00000000db380000)
  to   space 5120K, 0% used [0x00000000da980000,0x00000000da980000,0x00000000dae80000)
 ParOldGen       total 84992K, used 6756K [0x0000000084200000, 0x0000000089500000, 0x00000000d6b80000)
  object space 84992K, 7% used [0x0000000084200000,0x0000000084899090,0x0000000089500000)
 Metaspace       used 20462K, capacity 21134K, committed 21248K, reserved 1067008K
  class space    used 2529K, capacity 2714K, committed 2816K, reserved 1048576K
Event: 2.545 GC heap after
Heap after GC invocations=5 (full 0):
 PSYoungGen      total 68608K, used 5088K [0x00000000d6b80000, 0x00000000db380000, 0x0000000100000000)
  eden space 63488K, 0% used [0x00000000d6b80000,0x00000000d6b80000,0x00000000da980000)
  from space 5120K, 99% used [0x00000000da980000,0x00000000dae78020,0x00000000dae80000)
  to   space 5120K, 0% used [0x00000000dae80000,0x00000000dae80000,0x00000000db380000)
 ParOldGen       total 84992K, used 9327K [0x0000000084200000, 0x0000000089500000, 0x00000000d6b80000)
  object space 84992K, 10% used [0x0000000084200000,0x0000000084b1bec8,0x0000000089500000)
 Metaspace       used 20462K, capacity 21134K, committed 21248K, reserved 1067008K
  class space    used 2529K, capacity 2714K, committed 2816K, reserved 1048576K
}
Event: 2.545 GC heap before
{Heap before GC invocations=6 (full 1):
 PSYoungGen      total 68608K, used 5088K [0x00000000d6b80000, 0x00000000db380000, 0x0000000100000000)
  eden space 63488K, 0% used [0x00000000d6b80000,0x00000000d6b80000,0x00000000da980000)
  from space 5120K, 99% used [0x00000000da980000,0x00000000dae78020,0x00000000dae80000)
  to   space 5120K, 0% used [0x00000000dae80000,0x00000000dae80000,0x00000000db380000)
 ParOldGen       total 84992K, used 9327K [0x0000000084200000, 0x0000000089500000, 0x00000000d6b80000)
  object space 84992K, 10% used [0x0000000084200000,0x0000000084b1bec8,0x0000000089500000)
 Metaspace       used 20462K, capacity 21134K, committed 21248K, reserved 1067008K
  class space    used 2529K, capacity 2714K, committed 2816K, reserved 1048576K
Event: 2.575 GC heap after
Heap after GC invocations=6 (full 1):
 PSYoungGen      total 68608K, used 0K [0x00000000d6b80000, 0x00000000db380000, 0x0000000100000000)
  eden space 63488K, 0% used [0x00000000d6b80000,0x00000000d6b80000,0x00000000da980000)
  from space 5120K, 0% used [0x00000000da980000,0x00000000da980000,0x00000000dae80000)
  to   space 5120K, 0% used [0x00000000dae80000,0x00000000dae80000,0x00000000db380000)
 ParOldGen       total 58368K, used 8682K [0x0000000084200000, 0x0000000087b00000, 0x00000000d6b80000)
  object space 58368K, 14% used [0x0000000084200000,0x0000000084a7ab90,0x0000000087b00000)
 Metaspace       used 20462K, capacity 21134K, committed 21248K, reserved 1067008K
  class space    used 2529K, capacity 2714K, committed 2816K, reserved 1048576K
}
Event: 4.453 GC heap before
{Heap before GC invocations=7 (full 1):
 PSYoungGen      total 68608K, used 63488K [0x00000000d6b80000, 0x00000000db380000, 0x0000000100000000)
  eden space 63488K, 100% used [0x00000000d6b80000,0x00000000da980000,0x00000000da980000)
  from space 5120K, 0% used [0x00000000da980000,0x00000000da980000,0x00000000dae80000)
  to   space 5120K, 0% used [0x00000000dae80000,0x00000000dae80000,0x00000000db380000)
 ParOldGen       total 58368K, used 8682K [0x0000000084200000, 0x0000000087b00000, 0x00000000d6b80000)
  object space 58368K, 14% used [0x0000000084200000,0x0000000084a7ab90,0x0000000087b00000)
 Metaspace       used 26195K, capacity 27110K, committed 27264K, reserved 1073152K
  class space    used 3201K, capacity 3450K, committed 3456K, reserved 1048576K
Event: 4.462 GC heap after
Heap after GC invocations=7 (full 1):
 PSYoungGen      total 63488K, used 5089K [0x00000000d6b80000, 0x00000000dde00000, 0x0000000100000000)
  eden space 58368K, 0% used [0x00000000d6b80000,0x00000000d6b80000,0x00000000da480000)
  from space 5120K, 99% used [0x00000000dae80000,0x00000000db378460,0x00000000db380000)
  to   space 10240K, 0% used [0x00000000da480000,0x00000000da480000,0x00000000dae80000)
 ParOldGen       total 58368K, used 12903K [0x0000000084200000, 0x0000000087b00000, 0x00000000d6b80000)
  object space 58368K, 22% used [0x0000000084200000,0x0000000084e99c68,0x0000000087b00000)
 Metaspace       used 26195K, capacity 27110K, committed 27264K, reserved 1073152K
  class space    used 3201K, capacity 3450K, committed 3456K, reserved 1048576K
}
Event: 4.820 GC heap before
{Heap before GC invocations=8 (full 1):
 PSYoungGen      total 63488K, used 63457K [0x00000000d6b80000, 0x00000000dde00000, 0x0000000100000000)
  eden space 58368K, 100% used [0x00000000d6b80000,0x00000000da480000,0x00000000da480000)
  from space 5120K, 99% used [0x00000000dae80000,0x00000000db378460,0x00000000db380000)
  to   space 10240K, 0% used [0x00000000da480000,0x00000000da480000,0x00000000dae80000)
 ParOldGen       total 58368K, used 12903K [0x0000000084200000, 0x0000000087b00000, 0x00000000d6b80000)
  object space 58368K, 22% used [0x0000000084200000,0x0000000084e99c68,0x0000000087b00000)
 Metaspace       used 27691K, capacity 28648K, committed 28800K, reserved 1075200K
  class space    used 3372K, capacity 3628K, committed 3712K, reserved 1048576K
Event: 4.826 GC heap after
Heap after GC invocations=8 (full 1):
 PSYoungGen      total 68608K, used 8545K [0x00000000d6b80000, 0x00000000dd880000, 0x0000000100000000)
  eden space 58368K, 0% used [0x00000000d6b80000,0x00000000d6b80000,0x00000000da480000)
  from space 10240K, 83% used [0x00000000da480000,0x00000000dacd8538,0x00000000dae80000)
  to   space 10752K, 0% used [0x00000000dce00000,0x00000000dce00000,0x00000000dd880000)
 ParOldGen       total 58368K, used 12911K [0x0000000084200000, 0x0000000087b00000, 0x00000000d6b80000)
  object space 58368K, 22% used [0x0000000084200000,0x0000000084e9bc68,0x0000000087b00000)
 Metaspace       used 27691K, capacity 28648K, committed 28800K, reserved 1075200K
  class space    used 3372K, capacity 3628K, committed 3712K, reserved 1048576K
}

Deoptimization events (10 events):
Event: 3.756 Thread 0x000001e2e016e000 Uncommon trap: reason=bimorphic action=maybe_recompile pc=0x000001e2e2770cdc method=java.lang.ClassLoader.loadClass(Ljava/lang/String;Z)Ljava/lang/Class; @ 38
Event: 4.283 Thread 0x000001e2e016e000 Uncommon trap: reason=unstable_if action=reinterpret pc=0x000001e2e2e280c4 method=java.util.zip.ZipInputStream.readLOC()Ljava/util/zip/ZipEntry; @ 29
Event: 4.677 Thread 0x000001e2e016e000 Uncommon trap: reason=loop_limit_check action=maybe_recompile pc=0x000001e2e2ee0428 method=java.util.regex.Pattern$Start.match(Ljava/util/regex/Matcher;ILjava/lang/CharSequence;)Z @ 37
Event: 4.859 Thread 0x000001e2e016e000 Uncommon trap: reason=bimorphic action=maybe_recompile pc=0x000001e2e2fed710 method=lombok.javac.JavacNode.traverse(Llombok/javac/JavacASTVisitor;)V @ 73
Event: 4.860 Thread 0x000001e2e016e000 Uncommon trap: reason=bimorphic action=maybe_recompile pc=0x000001e2e2fed728 method=lombok.javac.JavacNode.traverse(Llombok/javac/JavacASTVisitor;)V @ 113
Event: 4.860 Thread 0x000001e2e016e000 Uncommon trap: reason=bimorphic action=maybe_recompile pc=0x000001e2e2fed750 method=lombok.javac.JavacNode.traverse(Llombok/javac/JavacASTVisitor;)V @ 193
Event: 4.860 Thread 0x000001e2e016e000 Uncommon trap: reason=bimorphic action=maybe_recompile pc=0x000001e2e2fed744 method=lombok.javac.JavacNode.traverse(Llombok/javac/JavacASTVisitor;)V @ 288
Event: 4.860 Thread 0x000001e2e016e000 Uncommon trap: reason=bimorphic action=maybe_recompile pc=0x000001e2e2fed734 method=lombok.javac.JavacNode.traverse(Llombok/javac/JavacASTVisitor;)V @ 715
Event: 4.860 Thread 0x000001e2e016e000 Uncommon trap: reason=bimorphic action=maybe_recompile pc=0x000001e2e2fed774 method=lombok.javac.JavacNode.traverse(Llombok/javac/JavacASTVisitor;)V @ 369
Event: 4.860 Thread 0x000001e2e016e000 Uncommon trap: reason=bimorphic action=maybe_recompile pc=0x000001e2e2fed774 method=lombok.javac.JavacNode.traverse(Llombok/javac/JavacASTVisitor;)V @ 369

Classes redefined (0 events):
No events

Internal exceptions (10 events):
Event: 4.692 Thread 0x000001e2e016e000 NullPointerException at vtable entry 0x000001e2e236d3cf
Event: 4.692 Thread 0x000001e2e016e000 Exception <a 'java/lang/NullPointerException'> (0x00000000d9617c08) thrown at [C:\wsjdk\Corretto8Src\installers\windows\zip\corretto-build\buildRoot\hotspot\src\share\vm\runtime\sharedRuntime.cpp, line 610]
Event: 4.693 Thread 0x000001e2e016e000 NullPointerException at vtable entry 0x000001e2e236d3cf
Event: 4.693 Thread 0x000001e2e016e000 Exception <a 'java/lang/NullPointerException'> (0x00000000d96909b0) thrown at [C:\wsjdk\Corretto8Src\installers\windows\zip\corretto-build\buildRoot\hotspot\src\share\vm\runtime\sharedRuntime.cpp, line 610]
Event: 4.694 Thread 0x000001e2e016e000 NullPointerException at vtable entry 0x000001e2e236d3cf
Event: 4.694 Thread 0x000001e2e016e000 Exception <a 'java/lang/NullPointerException'> (0x00000000d970e7c8) thrown at [C:\wsjdk\Corretto8Src\installers\windows\zip\corretto-build\buildRoot\hotspot\src\share\vm\runtime\sharedRuntime.cpp, line 610]
Event: 4.697 Thread 0x000001e2e016e000 NullPointerException at vtable entry 0x000001e2e236d3cf
Event: 4.697 Thread 0x000001e2e016e000 Exception <a 'java/lang/NullPointerException'> (0x00000000d9787d58) thrown at [C:\wsjdk\Corretto8Src\installers\windows\zip\corretto-build\buildRoot\hotspot\src\share\vm\runtime\sharedRuntime.cpp, line 610]
Event: 4.699 Thread 0x000001e2e016e000 NullPointerException at vtable entry 0x000001e2e236d3cf
Event: 4.699 Thread 0x000001e2e016e000 Exception <a 'java/lang/NullPointerException'> (0x00000000d9840848) thrown at [C:\wsjdk\Corretto8Src\installers\windows\zip\corretto-build\buildRoot\hotspot\src\share\vm\runtime\sharedRuntime.cpp, line 610]

Events (10 events):
Event: 4.860 Thread 0x000001e2e016e000 DEOPT UNPACKING pc=0x000001e2e2295583 sp=0x000000c7bc5fd068 mode 2
Event: 4.860 Thread 0x000001e2e016e000 Uncommon trap: trap_request=0xffffffc6 fr.pc=0x000001e2e2fed734
Event: 4.860 Thread 0x000001e2e016e000 DEOPT PACKING pc=0x000001e2e2fed734 sp=0x000000c7bc5fd000
Event: 4.860 Thread 0x000001e2e016e000 DEOPT UNPACKING pc=0x000001e2e2295583 sp=0x000000c7bc5fcf90 mode 2
Event: 4.860 Thread 0x000001e2e016e000 Uncommon trap: trap_request=0xffffffc6 fr.pc=0x000001e2e2fed774
Event: 4.860 Thread 0x000001e2e016e000 DEOPT PACKING pc=0x000001e2e2fed774 sp=0x000000c7bc5fd0e0
Event: 4.860 Thread 0x000001e2e016e000 DEOPT UNPACKING pc=0x000001e2e2295583 sp=0x000000c7bc5fd070 mode 2
Event: 4.860 Thread 0x000001e2e016e000 Uncommon trap: trap_request=0xffffffc6 fr.pc=0x000001e2e2fed774
Event: 4.860 Thread 0x000001e2e016e000 DEOPT PACKING pc=0x000001e2e2fed774 sp=0x000000c7bc5fd000
Event: 4.860 Thread 0x000001e2e016e000 DEOPT UNPACKING pc=0x000001e2e2295583 sp=0x000000c7bc5fcf90 mode 2


Dynamic libraries:
0x00007ff6e3d70000 - 0x00007ff6e3db6000 	C:\Users\tzubayer\.jdks\corretto-1.8.0_432\bin\java.exe
0x00007ff9818d0000 - 0x00007ff981ac8000 	C:\windows\SYSTEM32\ntdll.dll
0x00007ff980a20000 - 0x00007ff980ae2000 	C:\windows\System32\KERNEL32.DLL
0x00007ff97f340000 - 0x00007ff97f636000 	C:\windows\System32\KERNELBASE.dll
0x00007ff97eb30000 - 0x00007ff97ece5000 	C:\Windows\system32\hmpalert.dll
0x00007ff97e940000 - 0x00007ff97eb2c000 	C:\windows\System32\SophosED\SophosED.dll
0x00007ff97f9e0000 - 0x00007ff97fa91000 	C:\windows\System32\ADVAPI32.dll
0x00007ff980cf0000 - 0x00007ff980d8e000 	C:\windows\System32\msvcrt.dll
0x00007ff980b20000 - 0x00007ff980bbf000 	C:\windows\System32\sechost.dll
0x00007ff97fb60000 - 0x00007ff97fc80000 	C:\windows\System32\RPCRT4.dll
0x00007ff97f0c0000 - 0x00007ff97f0e7000 	C:\windows\System32\bcrypt.dll
0x00007ff9815d0000 - 0x00007ff981771000 	C:\windows\System32\USER32.dll
0x00007ff97f710000 - 0x00007ff97f732000 	C:\windows\System32\win32u.dll
0x00007ff9809f0000 - 0x00007ff980a1b000 	C:\windows\System32\GDI32.dll
0x00007ff97f740000 - 0x00007ff97f859000 	C:\windows\System32\gdi32full.dll
0x00007ff97f1a0000 - 0x00007ff97f23d000 	C:\windows\System32\msvcp_win.dll
0x00007ff97f240000 - 0x00007ff97f340000 	C:\windows\System32\ucrtbase.dll
0x00007ff95fd20000 - 0x00007ff95ffbb000 	C:\windows\WinSxS\amd64_microsoft.windows.common-controls_6595b64144ccf1df_6.0.19041.6456_none_60b8a6cb71f64256\COMCTL32.dll
0x00007ff980af0000 - 0x00007ff980b1f000 	C:\windows\System32\IMM32.DLL
0x00007ff956820000 - 0x00007ff956835000 	C:\Users\tzubayer\.jdks\corretto-1.8.0_432\jre\bin\vcruntime140.dll
0x00007ff9465a0000 - 0x00007ff94663b000 	C:\Users\tzubayer\.jdks\corretto-1.8.0_432\jre\bin\msvcp140.dll
0x00000000519a0000 - 0x00000000521fd000 	C:\Users\tzubayer\.jdks\corretto-1.8.0_432\jre\bin\server\jvm.dll
0x00007ff9801a0000 - 0x00007ff9801a8000 	C:\windows\System32\PSAPI.DLL
0x00007ff971130000 - 0x00007ff971157000 	C:\windows\SYSTEM32\WINMM.dll
0x00007ff9734e0000 - 0x00007ff9734ea000 	C:\windows\SYSTEM32\VERSION.dll
0x00007ff956550000 - 0x00007ff956559000 	C:\windows\SYSTEM32\WSOCK32.dll
0x00007ff980d90000 - 0x00007ff980dfb000 	C:\windows\System32\WS2_32.dll
0x00007ff97d2e0000 - 0x00007ff97d2f2000 	C:\windows\SYSTEM32\kernel.appcore.dll
0x00007ff956d60000 - 0x00007ff956d70000 	C:\Users\tzubayer\.jdks\corretto-1.8.0_432\jre\bin\verify.dll
0x00007ff9566e0000 - 0x00007ff95670b000 	C:\Users\tzubayer\.jdks\corretto-1.8.0_432\jre\bin\java.dll
0x00007ff9571d0000 - 0x00007ff957202000 	C:\Users\tzubayer\.jdks\corretto-1.8.0_432\jre\bin\instrument.dll
0x00007ff956490000 - 0x00007ff9564a8000 	C:\Users\tzubayer\.jdks\corretto-1.8.0_432\jre\bin\zip.dll
0x00007ff9801d0000 - 0x00007ff980940000 	C:\windows\System32\SHELL32.dll
0x00007ff97c830000 - 0x00007ff97cfd5000 	C:\windows\SYSTEM32\windows.storage.dll
0x00007ff980e00000 - 0x00007ff981154000 	C:\windows\System32\combase.dll
0x00007ff97e5e0000 - 0x00007ff97e60b000 	C:\windows\SYSTEM32\Wldp.dll
0x00007ff97fc90000 - 0x00007ff97fd5d000 	C:\windows\System32\OLEAUT32.dll
0x00007ff980940000 - 0x00007ff9809ed000 	C:\windows\System32\SHCORE.dll
0x00007ff97faa0000 - 0x00007ff97fafb000 	C:\windows\System32\shlwapi.dll
0x00007ff97ee90000 - 0x00007ff97eeb4000 	C:\windows\SYSTEM32\profapi.dll
0x00007ff961550000 - 0x00007ff96156a000 	D:\Archive\IDE\IntelliJ\bin\breakgen64.dll
0x00007ff956470000 - 0x00007ff95648c000 	C:\Users\tzubayer\.jdks\corretto-1.8.0_432\jre\bin\net.dll
0x00007ff97e340000 - 0x00007ff97e3aa000 	C:\windows\system32\mswsock.dll
0x00007ff956400000 - 0x00007ff956413000 	C:\Users\tzubayer\.jdks\corretto-1.8.0_432\jre\bin\nio.dll
0x0000000069ac0000 - 0x0000000069ae4000 	C:\Users\tzubayer\AppData\Local\Temp\jansi-2.4.0-642e2177e29e949b-jansi.dll

VM Arguments:
jvm_args: -Dmaven.multiModuleProjectDirectory=D:\Idea\Slime-World-Manager -Djansi.passthrough=true -Dmaven.home=D:\Archive\IDE\IntelliJ\plugins\maven\lib\maven3 -Dclassworlds.conf=D:\Archive\IDE\IntelliJ\plugins\maven\lib\maven3\bin\m2.conf -Dmaven.ext.class.path=D:\Archive\IDE\IntelliJ\plugins\maven\lib\maven-event-listener.jar -javaagent:D:\Archive\IDE\IntelliJ\lib\idea_rt.jar=52224:D:\Archive\IDE\IntelliJ\bin -Dfile.encoding=UTF-8 
java_command: org.codehaus.classworlds.Launcher -Didea.version=2024.1.5 verify
java_class_path (initial): D:\Archive\IDE\IntelliJ\plugins\maven\lib\maven3\boot\plexus-classworlds-2.7.0.jar;D:\Archive\IDE\IntelliJ\plugins\maven\lib\maven3\boot\plexus-classworlds.license;D:\Archive\IDE\IntelliJ\lib\idea_rt.jar
Launcher Type: SUN_STANDARD

Environment Variables:
JAVA_HOME=D:\Users\tzubayer\openjdk_1.7.0_u80
PATH=C:\Python314\Scripts\;C:\Python314\;C:\Program Files\OpenLogic\jdk-22.0.2.9-hotspot\bin;C:\Program Files\OpenLogic\jdk-8.0.472.08-hotspot\bin;C:\Program Files\OpenLogic\jdk-21.0.8.9-hotspot\bin;C:\Users\tzubayer\AppData\Local\Programs\Python\Python313\Scripts\;C:\Users\tzubayer\AppData\Local\Programs\Python\Python313\;C:\Program Files\OpenLogic\jdk-8.0.452.09-hotspot\bin;C:\Program Files\Common Files\Oracle\Java\javapath;C:\Python313\Scripts\;C:\Python313\;C:\Program Files\OpenLogic\jdk-17.0.14.7-hotspot\bin;C:\Program Files (x86)\Common Files\Oracle\Java\javapath;C:\windows\system32;C:\windows;C:\windows\System32\Wbem;C:\windows\System32\WindowsPowerShell\v1.0\;C:\windows\System32\OpenSSH\;C:\Program Files\WindowsPowerShell\Scripts\HP.ClientScriptLibrary;C:\Program Files (x86)\Novell\ZENworks\bin;C:\Program Files\Git\cmd;C:\ProgramData\chocolatey\bin;C:\Program Files\GitHub CLI\;C:\Program Files\nodejs\;C:\Users\tzubayer\AppData\Local\Microsoft\WindowsApps;D:\Users\tzubayer\openjdk_1.7.0_u80\bin;D:\Users\tzubayer\openjdk_1.7.0_u80\jre\bin;C:\Users\tzubayer\AppData\Roaming\npm;D:\Microsoft VS Code\bin
USERNAME=tzubayer
OS=Windows_NT
PROCESSOR_IDENTIFIER=Intel64 Family 6 Model 140 Stepping 1, GenuineIntel



---------------  S Y S T E M  ---------------

OS: Windows 10 , 64 bit Build 19041 (10.0.19041.5915)

CPU:total 4 (initial active 4) (2 cores per cpu, 2 threads per core) family 6 model 140 stepping 1, cmov, cx8, fxsr, mmx, sse, sse2, sse3, ssse3, sse4.1, sse4.2, popcnt, avx, avx2, aes, clmul, erms, 3dnowpref, lzcnt, ht, tsc, tscinvbit, bmi1, bmi2, adx

Memory: 4k page, physical 8110564k(773772k free), swap 12320792k(5396k free)

vm_info: OpenJDK 64-Bit Server VM (25.432-b06) for windows-amd64 JRE (1.8.0_432-b06), built on Oct  9 2024 03:59:20 by "Administrator" with MS VC++ 15.9 (VS2017)

time: Tue Jan 20 16:10:32 2026
timezone: Eastern Standard Time
elapsed time: 4.942249 seconds (0d 0h 0m 4s)

